1.000
1.000
2.000
6.000
24.000
120.000
720.000
5040.000
40320.000
362880.000
